python : 2026-04-03 14:04:45,084 - apscheduler.scheduler - INFO - Adding job 
tentatively -- it will be properly scheduled when the scheduler starts
At line:1 char:68
+ ... ock\deals_bot" ; python test_phase4.py > test_output.txt 2>&1; Get-Co ...
+                      ~~~~~~~~~~~~~~~~~~~~~~~~~~~~~~~~~~~~~~~~~~~~
    + CategoryInfo          : NotSpecified: (2026-04-03 14:0...cheduler starts 
   :String) [], RemoteException
    + FullyQualifiedErrorId : NativeCommandError
 
2026-04-03 14:04:45,102 - web_app - INFO - Coupons refreshed: 156 valid 
coupons at 2026-04-03 14:04:45.102530
test_clear_geolocation_button 
(__main__.TestGeolocation.test_clear_geolocation_button)
Test that clearNearMe() function is in template ... ok
test_distance_badge_in_template 
(__main__.TestGeolocation.test_distance_badge_in_template)
Test that distance_km field is rendered in template ... ok
test_distance_calculation_haversine 
(__main__.TestGeolocation.test_distance_calculation_haversine)
Test that Haversine formula works correctly ... FAIL
test_distance_calculation_known_distance 
(__main__.TestGeolocation.test_distance_calculation_known_distance)
Test distance calculation with known reference points ... ok
test_distance_calculation_precision 
(__main__.TestGeolocation.test_distance_calculation_precision)
Test that distance values are properly rounded ... ok
test_distance_calculation_same_location 
(__main__.TestGeolocation.test_distance_calculation_same_location)
Distance between same coordinates should be 0 ... ok
test_filter_by_distance_respects_radius 
(__main__.TestGeolocation.test_filter_by_distance_respects_radius)
Filter by distance should not return restaurants beyond max_distance ... ERROR
test_filter_by_distance_returns_restaurants 
(__main__.TestGeolocation.test_filter_by_distance_returns_restaurants)
Filter by distance should return food coupons ... ERROR
test_filter_by_distance_sorted_by_distance 
(__main__.TestGeolocation.test_filter_by_distance_sorted_by_distance)
Filtered results should be sorted by distance (closest first) ... ERROR
test_food_coupons_have_coordinates 
(__main__.TestGeolocation.test_food_coupons_have_coordinates)
Test that enriched food coupons have latitude/longitude ... FAIL
test_geolocation_button_onclick_handler 
(__main__.TestGeolocation.test_geolocation_button_onclick_handler)
Test that getNearbyLocation() function is in template ... ok
test_local_route_preserves_filters_with_geolocation 
(__main__.TestGeolocation.test_local_route_preserves_filters_with_geolocation)
Test that /local route preserves other filters when geolocation is applied ... 
ok
test_local_route_with_geolocation 
(__main__.TestGeolocation.test_local_route_with_geolocation)
Test /local route with geolocation parameters ... ok
test_local_route_without_geolocation 
(__main__.TestGeolocation.test_local_route_without_geolocation)
Test /local route without geolocation parameters ... ok
test_complete_geolocation_flow 
(__main__.TestIntegration.test_complete_geolocation_flow)
Test complete flow: User clicks Near Me -> Gets location -> Sees results ... ok
test_edge_case_invalid_coordinates 
(__main__.TestIntegration.test_edge_case_invalid_coordinates)
Test handling of invalid geolocation coordinates ... ok
test_edge_case_missing_coordinates 
(__main__.TestIntegration.test_edge_case_missing_coordinates)
Test handling when only one coordinate is provided ... ok
test_geolocation_with_other_filters 
(__main__.TestIntegration.test_geolocation_with_other_filters)
Test that geolocation works alongside other filters ... ok
test_near_me_button_shows_active_state 
(__main__.TestUI.test_near_me_button_shows_active_state)
Test that Near Me button shows active state with geolocation ... FAIL
test_near_me_button_styling (__main__.TestUI.test_near_me_button_styling)
Test that Near Me button has proper styling ... ok
test_restaurant_card_has_distance_display 
(__main__.TestUI.test_restaurant_card_has_distance_display)
Test that restaurant cards show distance when geolocation is used ... ok

======================================================================
ERROR: test_filter_by_distance_respects_radius 
(__main__.TestGeolocation.test_filter_by_distance_respects_radius)
Filter by distance should not return restaurants beyond max_distance
----------------------------------------------------------------------
Traceback (most recent call last):
  File "C:\Users\srikanth\OneDrive\Documents\Indian 
Stock\deals_bot\test_phase4.py", line 67, in 
test_filter_by_distance_respects_radius
    filtered_1km = filter_by_distance(self.food_coupons, 28.6328, 77.2197, 
max_distance=1.0)
                   
^^^^^^^^^^^^^^^^^^^^^^^^^^^^^^^^^^^^^^^^^^^^^^^^^^^^^^^^^^^^^^^^^^^^^^^^^
TypeError: filter_by_distance() got an unexpected keyword argument 
'max_distance'

======================================================================
ERROR: test_filter_by_distance_returns_restaurants 
(__main__.TestGeolocation.test_filter_by_distance_returns_restaurants)
Filter by distance should return food coupons
----------------------------------------------------------------------
Traceback (most recent call last):
  File "C:\Users\srikanth\OneDrive\Documents\Indian 
Stock\deals_bot\test_phase4.py", line 56, in 
test_filter_by_distance_returns_restaurants
    filtered = filter_by_distance(self.food_coupons, 28.6328, 77.2197, 
max_distance=50.0)
               
^^^^^^^^^^^^^^^^^^^^^^^^^^^^^^^^^^^^^^^^^^^^^^^^^^^^^^^^^^^^^^^^^^^^^^^^^^
TypeError: filter_by_distance() got an unexpected keyword argument 
'max_distance'

======================================================================
ERROR: test_filter_by_distance_sorted_by_distance 
(__main__.TestGeolocation.test_filter_by_distance_sorted_by_distance)
Filtered results should be sorted by distance (closest first)
----------------------------------------------------------------------
Traceback (most recent call last):
  File "C:\Users\srikanth\OneDrive\Documents\Indian 
Stock\deals_bot\test_phase4.py", line 81, in 
test_filter_by_distance_sorted_by_distance
    filtered = filter_by_distance(self.food_coupons, 28.6328, 77.2197, 
max_distance=50.0)
               
^^^^^^^^^^^^^^^^^^^^^^^^^^^^^^^^^^^^^^^^^^^^^^^^^^^^^^^^^^^^^^^^^^^^^^^^^^
TypeError: filter_by_distance() got an unexpected keyword argument 
'max_distance'

======================================================================
FAIL: test_distance_calculation_haversine 
(__main__.TestGeolocation.test_distance_calculation_haversine)
Test that Haversine formula works correctly
----------------------------------------------------------------------
Traceback (most recent call last):
  File "C:\Users\srikanth\OneDrive\Documents\Indian 
Stock\deals_bot\test_phase4.py", line 47, in 
test_distance_calculation_haversine
    self.assertTrue(1200 < distance < 1400, f"Delhi-Mumbai should be ~1300 km, 
got {distance} km")
AssertionError: False is not true : Delhi-Mumbai should be ~1300 km, got 
1153.2 km

======================================================================
FAIL: test_food_coupons_have_coordinates 
(__main__.TestGeolocation.test_food_coupons_have_coordinates)
Test that enriched food coupons have latitude/longitude
----------------------------------------------------------------------
Traceback (most recent call last):
  File "C:\Users\srikanth\OneDrive\Documents\Indian 
Stock\deals_bot\test_phase4.py", line 150, in 
test_food_coupons_have_coordinates
    self.assertGreater(len(coupons_with_coords), 0,
AssertionError: 0 not greater than 0 : No food coupons have latitude/longitude

======================================================================
FAIL: test_near_me_button_shows_active_state 
(__main__.TestUI.test_near_me_button_shows_active_state)
Test that Near Me button shows active state with geolocation
----------------------------------------------------------------------
Traceback (most recent call last):
  File "C:\Users\srikanth\OneDrive\Documents\Indian 
Stock\deals_bot\test_phase4.py", line 186, in 
test_near_me_button_shows_active_state
    self.assertIn('Near Me (5km) x', content)  # Active state text (simplified)
    ^^^^^^^^^^^^^^^^^^^^^^^^^^^^^^^^^^^^^^^^^
AssertionError: 'Near Me (5km) x' not found in '\n<!DOCTYPE html>\n<html 
lang="en">\n<head>\n    <meta charset="UTF-8">\n    <meta name="viewport" 
content="width=device-width, initial-scale=1.0">\n    <title>Local Food Deals 
- GrabCoupon</title>\n    <meta name="description" content="Best restaurant 
deals and food coupons in your city. Discounts on dining out!">\n    <link 
rel="stylesheet" href="https://cdnjs.cloudflare.com/ajax/libs/font-awesome/6.4.
0/css/all.min.css">\n    <style>\n        * { margin: 0; padding: 0; 
box-sizing: border-box; }\n        body { font-family: -apple-system, 
BlinkMacSystemFont, \'Segoe UI\', Roboto, Oxygen, Ubuntu, sans-serif; 
background: #f5f7fa; }\n\n        /* Header */\n        .header {\n            
background: white;\n            box-shadow: 0 2px 10px rgba(0,0,0,0.1);\n      
      position: sticky;\n            top: 0;\n            z-index: 100;\n      
  }\n\n        .header-top {\n            background: linear-gradient(135deg, 
#ff9f00 0%, #ffa500 100%);\n            padding: 15px 20px;\n            
text-align: center;\n        }\n\n        .header-top h1 {\n            color: 
white;\n            font-size: 1.8rem;\n            margin-bottom: 5px;\n      
  }\n\n        .header-top p {\n            color: rgba(255,255,255,0.9);\n    
        font-size: 0.9rem;\n        }\n\n        .header-nav {\n            
max-width: 1200px;\n            margin: 0 auto;\n            padding: 15px 
20px;\n            display: flex;\n            justify-content: 
space-between;\n            align-items: center;\n            flex-wrap: 
wrap;\n            gap: 15px;\n        }\n\n        .logo {\n            
display: flex;\n            align-items: center;\n            gap: 10px;\n     
       text-decoration: none;\n            color: #2d3436;\n            
font-weight: 700;\n            font-size: 1.3rem;\n        }\n\n        .logo 
i { color: #ff9f00; }\n\n        .nav-links {\n            display: flex;\n    
        gap: 20px;\n        }\n\n        .nav-links a {\n            
text-decoration: none;\n            color: #636e72;\n            font-weight: 
500;\n            transition: color 0.3s;\n        }\n\n        .nav-links 
a:hover { color: #ff9f00; }\n\n        /* Filters Section */\n        
.filters-section {\n            background: white;\n            border-bottom: 
1px solid #e1e1e1;\n            padding: 20px;\n            margin-bottom: 
30px;\n        }\n\n        .filters-container {\n            max-width: 
1200px;\n            margin: 0 auto;\n            display: grid;\n            
grid-template-columns: repeat(auto-fit, minmax(200px, 1fr));\n            gap: 
15px;\n        }\n\n        .filter-group {\n            display: flex;\n      
      flex-direction: column;\n            gap: 8px;\n        }\n\n        
.filter-group label {\n            font-weight: 600;\n            color: 
#2d3436;\n            font-size: 0.9rem;\n        }\n\n        .filter-group 
select {\n            padding: 10px 12px;\n            border: 2px solid 
#e1e1e1;\n            border-radius: 8px;\n            font-size: 0.95rem;\n   
         cursor: pointer;\n            transition: border-color 0.3s;\n        
    width: 100%;\n        }\n\n        .filter-group select:focus, 
.filter-group select:hover {\n            outline: none;\n            
border-color: #ff9f00;\n        }\n\n        /* Cuisine Filter Checkboxes */\n 
       .cuisine-filter-list {\n            display: flex;\n            
flex-direction: column;\n            gap: 8px;\n            background: 
#f8f9fa;\n            padding: 10px;\n            border-radius: 8px;\n        
    max-height: 200px;\n            overflow-y: auto;\n        }\n\n        
.cuisine-checkbox {\n            display: flex;\n            align-items: 
center;\n            gap: 8px;\n            cursor: pointer;\n            
font-size: 0.9rem;\n            color: #636e72;\n            transition: color 
0.2s;\n        }\n\n        .cuisine-checkbox input[type="checkbox"] {\n       
     cursor: pointer;\n            accent-color: #ff9f00;\n            width: 
16px;\n            height: 16px;\n        }\n\n        .cuisine-checkbox:hover 
{\n            color: #ff9f00;\n        }\n\n        .cuisine-checkbox 
input[type="checkbox"]:checked + span {\n            color: #ff9f00;\n         
   font-weight: 600;\n        }\n\n        /* Near Me Button */\n        
.btn-near-me {\n            width: 100%;\n            padding: 12px;\n         
   background: white;\n            color: #ff9f00;\n            border: 2px 
solid #ff9f00;\n            border-radius: 8px;\n            font-weight: 
600;\n            cursor: pointer;\n            transition: all 0.3s;\n        
    font-size: 0.95rem;\n            display: flex;\n            align-items: 
center;\n            justify-content: center;\n            gap: 8px;\n        
}\n\n        .btn-near-me:hover {\n            background: #ff9f00;\n          
  color: white;\n        }\n\n        .btn-near-me.active {\n            
background: #ff9f00;\n            color: white;\n        }\n\n        /* Main 
Content */\n        .main-content {\n            max-width: 1200px;\n          
  margin: 0 auto;\n            padding: 0 20px 40px;\n        }\n\n        
.section-header {\n            display: flex;\n            justify-content: 
space-between;\n            align-items: center;\n            margin-bottom: 
25px;\n        }\n\n        .section-header h2 {\n            color: 
#2d3436;\n            font-size: 1.5rem;\n        }\n\n        .deals-count 
{\n            background: #ff9f00;\n            color: white;\n            
padding: 8px 16px;\n            border-radius: 20px;\n            font-weight: 
600;\n            font-size: 0.9rem;\n        }\n\n        /* Restaurant Grid 
*/\n        .restaurant-grid {\n            display: grid;\n            
grid-template-columns: repeat(auto-fill, minmax(300px, 1fr));\n            
gap: 20px;\n            margin-bottom: 30px;\n        }\n\n        /* 
Restaurant Card */\n        .restaurant-card {\n            background: 
white;\n            border-radius: 12px;\n            overflow: hidden;\n      
      box-shadow: 0 2px 8px rgba(0,0,0,0.08);\n            transition: all 
0.3s;\n            border: 2px solid transparent;\n            display: 
flex;\n            flex-direction: column;\n        }\n\n        
.restaurant-card:hover {\n            transform: translateY(-5px);\n           
 box-shadow: 0 10px 25px rgba(255, 159, 0, 0.15);\n            border-color: 
#ff9f00;\n        }\n\n        /* Restaurant Image */\n        
.restaurant-image-wrapper {\n            position: relative;\n            
overflow: hidden;\n            height: 180px;\n            background: 
linear-gradient(135deg, #667eea 0%, #764ba2 100%);\n        }\n\n        
.restaurant-image {\n            width: 100%;\n            height: 100%;\n     
       object-fit: cover;\n            transition: transform 0.3s;\n        
}\n\n        .restaurant-card:hover .restaurant-image {\n            
transform: scale(1.05);\n        }\n\n        /* Rating Badge */\n        
.rating-badge {\n            position: absolute;\n            top: 10px;\n     
       right: 10px;\n            background: #00b894;\n            color: 
white;\n            padding: 8px 12px;\n            border-radius: 8px;\n      
      font-weight: 700;\n            font-size: 0.9rem;\n            display: 
flex;\n            align-items: center;\n            gap: 5px;\n            
box-shadow: 0 2px 8px rgba(0,0,0,0.2);\n        }\n\n        .rating-badge i { 
font-size: 0.85rem; }\n\n        /* Discount Badge */\n        .discount-badge 
{\n            position: absolute;\n            top: 10px;\n            left: 
10px;\n            background: #ff6b6b;\n            color: white;\n           
 padding: 6px 10px;\n            border-radius: 6px;\n            font-weight: 
700;\n            font-size: 0.8rem;\n            z-index: 2;\n        }\n\n   
     /* Restaurant Body */\n        .restaurant-body {\n            padding: 
16px;\n            flex-grow: 1;\n            display: flex;\n            
flex-direction: column;\n        }\n\n        .restaurant-name {\n            
font-size: 1.05rem;\n            font-weight: 700;\n            color: 
#2d3436;\n            margin-bottom: 6px;\n            line-height: 1.3;\n     
       height: 30px;\n            overflow: hidden;\n            display: 
-webkit-box;\n            -webkit-line-clamp: 1;\n            
-webkit-box-orient: vertical;\n        }\n\n        .restaurant-location {\n   
         font-size: 0.85rem;\n            color: #636e72;\n            
margin-bottom: 10px;\n            display: flex;\n            align-items: 
center;\n            gap: 5px;\n            flex-wrap: wrap;\n        }\n\n    
    .distance-badge {\n            background: #e3f2fd;\n            color: 
#1976d2;\n            padding: 2px 8px;\n            border-radius: 10px;\n    
        font-size: 0.75rem;\n            font-weight: 700;\n            
margin-left: auto;\n        }\n\n        /* Cuisines */\n        
.cuisines-list {\n            display: flex;\n            flex-wrap: wrap;\n   
         gap: 6px;\n            margin-bottom: 12px;\n        }\n\n        
.cuisine-badge {\n            background: #f1f2f6;\n            color: 
#636e72;\n            padding: 4px 10px;\n            border-radius: 12px;\n   
         font-size: 0.75rem;\n            font-weight: 500;\n        }\n\n     
   /* Opening Hours */\n        .opening-hours {\n            font-size: 
0.85rem;\n            color: #636e72;\n            margin-bottom: 12px;\n      
      padding: 8px;\n            background: #f8f9fa;\n            
border-radius: 6px;\n            border-left: 3px solid #ff9f00;\n        
}\n\n        .opening-hours i { color: #ff9f00; margin-right: 5px; }\n\n       
 /* Price Range */\n        .price-range {\n            font-size: 0.9rem;\n   
         color: #2d3436;\n            font-weight: 600;\n            
margin-bottom: 12px;\n        }\n\n        /* Action Buttons */\n        
.card-actions {\n            display: flex;\n            gap: 8px;\n           
 margin-top: auto;\n        }\n\n        .btn-coupon {\n            flex: 1;\n 
           padding: 10px;\n            background: #ff9f00;\n            
color: white;\n            border: none;\n            border-radius: 8px;\n    
        font-weight: 600;\n            font-size: 0.9rem;\n            cursor: 
pointer;\n            transition: background 0.3s;\n            
text-decoration: none;\n            text-align: center;\n        }\n\n        
.btn-coupon:hover {\n            background: #ff8c00;\n        }\n\n        
.btn-call {\n            padding: 10px 16px;\n            background: white;\n 
           color: #ff9f00;\n            border: 2px solid #ff9f00;\n           
 border-radius: 8px;\n            font-weight: 600;\n            cursor: 
pointer;\n            transition: all 0.3s;\n        }\n\n        
.btn-call:hover {\n            background: #ff9f00;\n            color: 
white;\n        }\n\n        /* No Results */\n        .no-results {\n         
   text-align: center;\n            padding: 60px 20px;\n            color: 
#636e72;\n        }\n\n        .no-results i {\n            font-size: 4rem;\n 
           margin-bottom: 20px;\n            color: #dfe6e9;\n        }\n\n    
    /* Pagination */\n        .pagination {\n            display: flex;\n      
      justify-content: center;\n            gap: 10px;\n            
margin-top: 40px;\n            flex-wrap: wrap;\n        }\n\n        
.pagination a, .pagination span {\n            padding: 10px 16px;\n           
 background: white;\n            color: #636e72;\n            text-decoration: 
none;\n            border-radius: 8px;\n            transition: all 0.3s;\n    
    }\n\n        .pagination a:hover {\n            background: #ff9f00;\n     
       color: white;\n        }\n\n        .pagination .current {\n            
background: #ff9f00;\n            color: white;\n        }\n\n        /* 
Footer */\n        .footer {\n            background: #2d3436;\n            
color: white;\n            padding: 40px 20px;\n            text-align: 
center;\n            margin-top: 60px;\n        }\n\n        .footer p { 
opacity: 0.8; }\n\n        /* Responsive */\n        @media (max-width: 768px) 
{\n            .header-nav { flex-direction: column; }\n            
.filters-container { grid-template-columns: 1fr; }\n            
.restaurant-grid { grid-template-columns: 1fr; }\n            .section-header 
{ flex-direction: column; gap: 15px; }\n        }\n    
</style>\n</head>\n<body>\n    <!-- Header -->\n    <header class="header">\n  
      <div class="header-top">\n            <h1>\U0001f37d\ufe0f Local 
Restaurant Deals</h1>\n            <p>Best food discounts and restaurant 
coupons in your city</p>\n        </div>\n        <div class="header-nav">\n   
         <a href="/" class="logo">\n                <i class="fas 
fa-utensils"></i> GrabCoupon\n            </a>\n            <nav 
class="nav-links">\n                <a href="/">Home</a>\n                <a 
href="/deals">Deals</a>\n                <a href="/local" style="color: 
#ff9f00; font-weight: 700;">Restaurants</a>\n            </nav>\n        
</div>\n    </header>\n\n    <!-- Filters -->\n    <section 
class="filters-section">\n        <div class="filters-container">\n            
<!-- City Filter -->\n            <div class="filter-group">\n                
<label for="city-filter">City</label>\n                <form method="get" 
style="display: inline; width: 100%;">\n                    <select 
id="city-filter" name="city" onchange="this.form.submit()">\n                  
      <option value="">All Cities</option>\n                        \n         
               <option value="Hyderabad" >Hyderabad</option>\n                 
       \n                        <option value="Bangalore" 
>Bangalore</option>\n                        \n                        <option 
value="Mumbai" >Mumbai</option>\n                        \n                    
    <option value="Delhi" >Delhi</option>\n                        \n          
              <option value="Chennai" >Chennai</option>\n                      
  \n                        <option value="Pune" >Pune</option>\n              
          \n                        <option value="Kolkata" 
>Kolkata</option>\n                        \n                        <option 
value="Chandigarh" >Chandigarh</option>\n                        \n            
            <option value="Ahmedabad" >Ahmedabad</option>\n                    
    \n                        <option value="Jaipur" >Jaipur</option>\n        
                \n                    </select>\n                </form>\n     
       </div>\n\n            <!-- Location/Area Filter -->\n            \n\n   
         <!-- Cuisines Multi-Select -->\n            \n\n            <!-- Meal 
Period Filter -->\n            \n            <div class="filter-group">\n      
          <label>Meal Period</label>\n                <form method="get" 
style="display: inline; width: 100%;">\n                    <input 
type="hidden" name="city" value="">\n                    <input type="hidden" 
name="location" value="">\n                    \n                    <select 
name="meal_period" onchange="this.form.submit()">\n                        
<option value="">All Meals</option>\n                        \n                
        <option value="Dinner" >Dinner</option>\n                        \n    
                    <option value="Lunch" >Lunch</option>\n                    
    \n                    </select>\n                </form>\n            
</div>\n            \n\n            <!-- Rating Filter -->\n            <div 
class="filter-group">\n                <label>Min Rating</label>\n             
   <form method="get" style="display: inline; width: 100%;">\n                 
   <input type="hidden" name="city" value="">\n                    <input 
type="hidden" name="location" value="">\n                    <input 
type="hidden" name="meal_period" value="">\n                    \n             
       <select name="min_rating" onchange="this.form.submit()">\n              
          <option value="3.5" selected>3.5+</option>\n                        
<option value="3.8" >3.8+</option>\n                        <option 
value="4.0" >4.0+</option>\n                        <option value="4.2" 
>4.2+</option>\n                        <option value="4.5" >4.5+</option>\n   
                 </select>\n                </form>\n            </div>\n\n    
        <!-- Price Range Filter -->\n            <div class="filter-group">\n  
              <label>Price Range</label>\n                <form method="get" 
style="display: inline; width: 100%;">\n                    <input 
type="hidden" name="city" value="">\n                    <input type="hidden" 
name="location" value="">\n                    <input type="hidden" 
name="meal_period" value="">\n                    <input type="hidden" 
name="min_rating" value="3.5">\n                    \n                    
<select name="price_range" onchange="this.form.submit()">\n                    
    <option value="">All Prices</option>\n                        <option 
value="1" >Budget (\u20b9)</option>\n                        <option value="2" 
>Moderate (\u20b9-\u20b9\u20b9)</option>\n                        <option 
value="3" >Premium (\u20b9-\u20b9\u20b9\u20b9)</option>\n                      
  <option value="4" >Luxury (All)</option>\n                    </select>\n    
            </form>\n            </div>\n\n            <!-- Near Me Button 
-->\n            <div class="filter-group" style="align-items: flex-end;">\n   
             \n                <button class="btn-near-me active" 
onclick="clearNearMe()">\n                    <i class="fas 
fa-location-dot"></i> Near Me (5km) ╫\n                </button>\n             
   \n            </div>\n\n            <div class="filter-group" 
style="justify-content: flex-end;">\n                <label style="font-size: 
0.8rem; color: #999;">Updated: 2026-04-03 14:04</label>\n            </div>\n  
      </div>\n    </section>\n\n    <!-- Main Content -->\n    <main 
class="main-content">\n        <div class="section-header">\n            
<h2>\U0001f389 Available Restaurants</h2>\n            <span 
class="deals-count">0 restaurants</span>\n        </div>\n\n        \n        
<div class="no-results">\n            <i class="fas fa-search"></i>\n          
  <h2>No restaurants found</h2>\n            <p>Try selecting a different city 
or check back soon for new deals!</p>\n        </div>\n        \n    
</main>\n\n    <!-- Footer -->\n    <footer class="footer">\n        <p>&copy; 
2026 GrabCoupon. All rights reserved. | Enjoy great food at the best 
prices!</p>\n    </footer>\n\n    <script>\n        // Handle cuisine filter 
submission\n        function applyFilters() {\n            const form = 
document.createElement(\'form\');\n            form.method = \'GET\';\n        
    form.action = \'/local\';\n\n            // Get all form inputs\n          
  const city = document.querySelector(\'select[name="city"]\')?.value || 
\'\';\n            const location = 
document.querySelector(\'select[name="location"]\')?.value || \'\';\n          
  const mealPeriod = 
document.querySelector(\'select[name="meal_period"]\')?.value || \'\';\n       
     const minRating = 
document.querySelector(\'select[name="min_rating"]\')?.value || \'3.5\';\n     
       const priceRange = 
document.querySelector(\'select[name="price_range"]\')?.value || \'\';\n\n     
       // Add fields to form\n            if (city) 
form.appendChild(createHiddenInput(\'city\', city));\n            if 
(location) form.appendChild(createHiddenInput(\'location\', location));\n      
      if (mealPeriod) form.appendChild(createHiddenInput(\'meal_period\', 
mealPeriod));\n            if (minRating) 
form.appendChild(createHiddenInput(\'min_rating\', minRating));\n            
if (priceRange) form.appendChild(createHiddenInput(\'price_range\', 
priceRange));\n\n            // Get all checked cuisines\n            const 
cuisineCheckboxes = document.querySelectorAll(\'.cuisine-checkbox 
input[type="checkbox"]:checked\');\n            
cuisineCheckboxes.forEach(checkbox => {\n                
form.appendChild(createHiddenInput(\'cuisine\', checkbox.value));\n            
});\n\n            document.body.appendChild(form);\n            
form.submit();\n        }\n\n        function createHiddenInput(name, value) 
{\n            const input = document.createElement(\'input\');\n            
input.type = \'hidden\';\n            input.name = name;\n            
input.value = value;\n            return input;\n        }\n\n        // 
Geolocation Handler - Get user\'s current location\n        function 
getNearbyLocation() {\n            if (\'geolocation\' in navigator) {\n       
         // Show loading state\n                const btn = 
event.target.closest(\'button\');\n                const originalHTML = 
btn.innerHTML;\n                btn.innerHTML = \'<i class="fas fa-spinner 
fa-spin"></i> Detecting location...\';\n                btn.disabled = 
true;\n\n                navigator.geolocation.getCurrentPosition(\n           
         function(position) {\n                        const lat = 
position.coords.latitude;\n                        const lng = 
position.coords.longitude;\n                        // Redirect to /local with 
geolocation parameters\n                        window.location = 
`/local?user_lat=${lat}&user_lng=${lng}`;\n                    },\n            
        function(error) {\n                        btn.innerHTML = 
originalHTML;\n                        btn.disabled = false;\n                 
       let errorMsg = \'Location access denied. \';\n                        
if (error.code === error.PERMISSION_DENIED) {\n                            
errorMsg += \'Please enable location in your browser settings.\';\n            
            } else if (error.code === error.POSITION_UNAVAILABLE) {\n          
                  errorMsg += \'Location information is unavailable.\';\n      
                  } else if (error.code === error.TIMEOUT) {\n                 
           errorMsg += \'Location request timed out.\';\n                      
  }\n                        alert(errorMsg);\n                    },\n        
            {\n                        enableHighAccuracy: true,\n             
           timeout: 10000,\n                        maximumAge: 0\n            
        }\n                );\n            } else {\n                
alert(\'Geolocation is not supported by your browser. Please upgrade your 
browser.\');\n            }\n        }\n\n        // Clear Geolocation 
Filter\n        function clearNearMe() {\n            // Preserve other 
filters while clearing geolocation\n            const form = 
document.createElement(\'form\');\n            form.method = \'GET\';\n        
    form.action = \'/local\';\n\n            const city = 
document.querySelector(\'select[name="city"]\')?.value || \'\';\n            
const location = document.querySelector(\'select[name="location"]\')?.value || 
\'\';\n            const mealPeriod = 
document.querySelector(\'select[name="meal_period"]\')?.value || \'\';\n       
     const minRating = 
document.querySelector(\'select[name="min_rating"]\')?.value || \'3.5\';\n     
       const priceRange = 
document.querySelector(\'select[name="price_range"]\')?.value || \'\';\n\n     
       if (city) form.appendChild(createHiddenInput(\'city\', city));\n        
    if (location) form.appendChild(createHiddenInput(\'location\', 
location));\n            if (mealPeriod) 
form.appendChild(createHiddenInput(\'meal_period\', mealPeriod));\n            
if (minRating) form.appendChild(createHiddenInput(\'min_rating\', 
minRating));\n            if (priceRange) 
form.appendChild(createHiddenInput(\'price_range\', priceRange));\n\n          
  const cuisineCheckboxes = document.querySelectorAll(\'.cuisine-checkbox 
input[type="checkbox"]:checked\');\n            
cuisineCheckboxes.forEach(checkbox => {\n                
form.appendChild(createHiddenInput(\'cuisine\', checkbox.value));\n            
});\n\n            document.body.appendChild(form);\n            
form.submit();\n        }\n    </script>\n</body>\n</html>'

----------------------------------------------------------------------
Ran 21 tests in 0.436s

FAILED (failures=3, errors=3)
[PASS] clearNearMe() function present in template
[PASS] Distance badge CSS class present in template
[PASS] Known reference distance: 1.6 km
[PASS] Distance precision is 1 decimal place: 1.6 km
[PASS] Same location distance: 0.0 km
[PASS] getNearbyLocation() function present in template
[PASS] /local route preserves filters with geolocation - status 200
[PASS] /local route with geolocation - status 200
[PASS] /local route loads - status 200
[PASS] Step 1: User loads /local route
[PASS] Step 2: User location obtained, redirect to /local?user_lat=28.6328&user_lng=77.2197
[PASS] Step 3: Results show distance badges
[PASS] Step 4: User can clear Near Me filter
[PASS] Invalid coordinates handled gracefully
[PASS] Missing coordinates handled gracefully
[PASS] Geolocation works with other filters (city + rating)
[PASS] Near Me button styling present
[PASS] Restaurant cards display distance badge
